[INFO] Error stacktraces are turned on.
[INFO] Scanning for projects...
[INFO] 
[INFO] --------------------------< vn.web:logistic >---------------------------
[INFO] Building logistic 0.0.1-SNAPSHOT
[INFO] --------------------------------[ jar ]---------------------------------
[INFO] 
[INFO] --- maven-resources-plugin:3.3.1:resources (default-resources) @ logistic ---
[INFO] Copying 1 resource from src\main\resources to target\classes
[INFO] Copying 1860 resources from src\main\resources to target\classes
[INFO] ------------------------------------------------------------------------
[INFO] BUILD FAILURE
[INFO] ------------------------------------------------------------------------
[INFO] Total time:  2.665 s
[INFO] Finished at: 2025-12-30T19:32:48+07:00
[INFO] ------------------------------------------------------------------------
[ERROR] Failed to execute goal org.apache.maven.plugins:maven-compiler-plugin:3.14.1:compile (default-compile) on project logistic: The plugin org.apache.maven.plugins:maven-compiler-plugin:3.14.1 requires Maven version 3.6.3 -> [Help 1]
org.apache.maven.lifecycle.LifecycleExecutionException: Failed to execute goal org.apache.maven.plugins:maven-compiler-plugin:3.14.1:compile (default-compile) on project logistic: The plugin org.apache.maven.plugins:maven-compiler-plugin:3.14.1 requires Maven version 3.6.3
    at org.apache.maven.lifecycle.internal.MojoExecutor.execute (MojoExecutor.java:172)
    at org.apache.maven.lifecycle.internal.MojoExecutor.execute (MojoExecutor.java:156)
    at org.apache.maven.lifecycle.internal.MojoExecutor.execute (MojoExecutor.java:148)
    at org.apache.maven.lifecycle.internal.LifecycleModuleBuilder.buildProject (LifecycleModuleBuilder.java:117)
    at org.apache.maven.lifecycle.internal.LifecycleModuleBuilder.buildProject (LifecycleModuleBuilder.java:81)
    at org.apache.maven.lifecycle.internal.builder.singlethreaded.SingleThreadedBuilder.build (SingleThreadedBuilder.java:56)
    at org.apache.maven.lifecycle.internal.LifecycleStarter.execute (LifecycleStarter.java:128)
    at org.apache.maven.DefaultMaven.doExecute (DefaultMaven.java:305)
    at org.apache.maven.DefaultMaven.doExecute (DefaultMaven.java:192)
    at org.apache.maven.DefaultMaven.execute (DefaultMaven.java:105)
    at org.apache.maven.cli.MavenCli.execute (MavenCli.java:956)
    at org.apache.maven.cli.MavenCli.doMain (MavenCli.java:288)
    at org.apache.maven.cli.MavenCli.main (MavenCli.java:192)
    at jdk.internal.reflect.NativeMethodAccessorImpl.invoke0 (Native Method)
    at jdk.internal.reflect.NativeMethodAccessorImpl.invoke (NativeMethodAccessorImpl.java:77)
    at jdk.internal.reflect.DelegatingMethodAccessorImpl.invoke (DelegatingMethodAccessorImpl.java:43)
    at java.lang.reflect.Method.invoke (Method.java:568)
    at org.codehaus.plexus.classworlds.launcher.Launcher.launchEnhanced (Launcher.java:289)
    at org.codehaus.plexus.classworlds.launcher.Launcher.launch (Launcher.java:229)
    at org.codehaus.plexus.classworlds.launcher.Launcher.mainWithExitCode (Launcher.java:415)
    at org.codehaus.plexus.classworlds.launcher.Launcher.main (Launcher.java:356)
Caused by: org.apache.maven.plugin.PluginIncompatibleException: The plugin org.apache.maven.plugins:maven-compiler-plugin:3.14.1 requires Maven version 3.6.3
    at org.apache.maven.plugin.internal.DefaultMavenPluginManager.checkRequiredMavenVersion (DefaultMavenPluginManager.java:308)
    at org.apache.maven.lifecycle.internal.MojoExecutor.execute (MojoExecutor.java:168)
    at org.apache.maven.lifecycle.internal.MojoExecutor.execute (MojoExecutor.java:156)
    at org.apache.maven.lifecycle.internal.MojoExecutor.execute (MojoExecutor.java:148)
    at org.apache.maven.lifecycle.internal.LifecycleModuleBuilder.buildProject (LifecycleModuleBuilder.java:117)
    at org.apache.maven.lifecycle.internal.LifecycleModuleBuilder.buildProject (LifecycleModuleBuilder.java:81)
    at org.apache.maven.lifecycle.internal.builder.singlethreaded.SingleThreadedBuilder.build (SingleThreadedBuilder.java:56)
    at org.apache.maven.lifecycle.internal.LifecycleStarter.execute (LifecycleStarter.java:128)
    at org.apache.maven.DefaultMaven.doExecute (DefaultMaven.java:305)
    at org.apache.maven.DefaultMaven.doExecute (DefaultMaven.java:192)
    at org.apache.maven.DefaultMaven.execute (DefaultMaven.java:105)
    at org.apache.maven.cli.MavenCli.execute (MavenCli.java:956)
    at org.apache.maven.cli.MavenCli.doMain (MavenCli.java:288)
    at org.apache.maven.cli.MavenCli.main (MavenCli.java:192)
    at jdk.internal.reflect.NativeMethodAccessorImpl.invoke0 (Native Method)
    at jdk.internal.reflect.NativeMethodAccessorImpl.invoke (NativeMethodAccessorImpl.java:77)
    at jdk.internal.reflect.DelegatingMethodAccessorImpl.invoke (DelegatingMethodAccessorImpl.java:43)
    at java.lang.reflect.Method.invoke (Method.java:568)
    at org.codehaus.plexus.classworlds.launcher.Launcher.launchEnhanced (Launcher.java:289)
    at org.codehaus.plexus.classworlds.launcher.Launcher.launch (Launcher.java:229)
    at org.codehaus.plexus.classworlds.launcher.Launcher.mainWithExitCode (Launcher.java:415)
    at org.codehaus.plexus.classworlds.launcher.Launcher.main (Launcher.java:356)
[ERROR] 
[ERROR] Re-run Maven using the -X switch to enable full debug logging.
[ERROR] 
[ERROR] For more information about the errors and possible solutions, please read the following articles:
[ERROR] [Help 1] http://cwiki.apache.org/confluence/display/MAVEN/PluginIncompatibleException
